// Jest Snapshot v1, https://goo.gl/fbAQLP

exports[`GoogleMap #componentDidMount should attach handlers 1`] = `
Object {
  "bounds_changed": Array [
    [Function],
  ],
  "center_changed": Array [
    [Function],
  ],
  "click": Array [
    [Function],
  ],
  "dblclick": Array [
    [Function],
  ],
  "drag": Array [
    [Function],
  ],
  "dragend": Array [
    [Function],
  ],
  "dragstart": Array [
    [Function],
  ],
  "heading_changed": Array [
    [Function],
  ],
  "idle": Array [
    [Function],
  ],
  "maptypeid_changed": Array [
    [Function],
  ],
  "mousemove": Array [
    [Function],
  ],
  "mouseout": Array [
    [Function],
  ],
  "mouseover": Array [
    [Function],
  ],
  "projection_changed": Array [
    [Function],
  ],
  "rightclick": Array [
    [Function],
  ],
  "tilesloaded": Array [
    [Function],
  ],
  "tilt_changed": Array [
    [Function],
  ],
  "zoom_changed": Array [
    [Function],
  ],
}
`;
